// Vitest Snapshot v1

exports[`IconBase > should match the snapshot 1`] = `
"<div data-testid=\\"icon-base\\" class=\\"icon-base\\" data-v-2336b232=\\"\\"><svg xmlns=\\"http://www.w3.org/2000/svg\\" height=\\"100%\\" width=\\"100%\\" viewBox=\\"0 0 48 48\\" data-v-2336b232=\\"\\">
    <path d=\\"M6 36v-3h36v3Zm0-10.5v-3h36v3ZM6 15v-3h36v3Z\\" fill=\\"currentColor\\"></path>
  </svg></div>"
`;
